exports[`test/unit/path-generator-test.js generatePath with an API spec having mixed properties; some defined, some omitted should render markdown and omit unspecified data, e.g. descriptions, schemas 1`] = `
"### GET /pets/{id}

Returns a user based on a single ID, if the user does not have access to the pet

**Parameters**

| in   | name | type           | required | description        |
|------|------|----------------|----------|--------------------|
| path | id   | integer, int64 | true     | ID of pet to fetch |

#### Response: 200

pet response

**Schema**

- [Pet](#pet)

#### Response: default

unexpected error

**Schema**

- [Error](#error)

### DELETE /pets/{id}

> :warning: **deprecated**

deletes a single pet based on the ID supplied

More info on deleting pets

https://example.com/more-info

**Parameters**

| in   | name | type           | required |
|------|------|----------------|----------|
| path | id   | integer, int64 | true     |

#### Response: 204

pet deleted

**Schema**

N/A

#### Response: default

unexpected error

**Schema**

- [Error](#error)"
`;

exports[`test/unit/path-generator-test.js generatePath with body parameter having a schema should include schema definition in result 1`] = `
"### POST /pets

Creates a new pet

**Parameters**

| in   | name | required | description        |
|------|------|----------|--------------------|
| body | body | true     | Params for new pet |

**Request Body**

- (object)
  - name (string)

#### Response: 201

pet response

**Schema**

- [Pet](#pet)

#### Response: default

unexpected error

**Schema**

- [Error](#error)"
`;
